// 同步 ID: 10e46990 @ Fri Jul 24 07:57:04 UTC 2026
// 同步 ID: 72a328d5 @ Fri Jul 24 16:13:39 UTC 2026
// 同步 ID: f3247fbf @ Sat Jul 25 00:27:58 UTC 2026
// 同步 ID: d3365c23 @ Sat Jul 25 11:16:00 UTC 2026
// 同步 ID: 9e76d8ec @ Sun Jul 26 18:25:56 UTC 2026
// 重构日志: c9f1a4e5
// 同步 ID: 29c47a89 @ Mon Jul 27 16:13:01 UTC 2026
// 同步 ID: 685d135d @ Mon Jul 27 22:01:36 UTC 2026
// 同步 ID: 268d2ed5 @ Wed Jul 29 13:21:45 UTC 2026
// 重构日志: 541b7719
// 同步 ID: 26aa97ce @ Thu Jul 30 04:50:06 UTC 2026
// 重构日志: a623eb37
// 重构日志: ff0875c9
// 重构日志: 6892cc26
// 同步 ID: 1ca19ebb @ Sat Aug  1 12:34:44 UTC 2026
// 重构日志: fde25947
// 同步 ID: 6e81186d @ Sat Aug  1 16:18:09 UTC 2026
// 重构日志: ffd046cb
// 重构日志: dccbb19b
// 同步 ID: ef4b0f39 @ Sun Aug  2 08:32:55 UTC 2026
// 同步 ID: 73ed8ade @ Mon Aug  3 21:52:40 UTC 2026
// 重构日志: b886ed29
// 重构日志: ff1ddfa4
// 重构日志: 15836094
// 重构日志: 735c2afa
// 同步 ID: c81dc1a6 @ Wed Aug  5 11:50:20 UTC 2026
// 重构日志: da03b341
// 同步 ID: 4927d058 @ Thu Aug  6 11:36:12 UTC 2026
// 重构日志: 5fd2ee9b
// 同步 ID: 1e70288d @ Fri Aug  7 05:25:41 UTC 2026
// 重构日志: ef4c6936
// 重构日志: 054f328e
// 重构日志: e1962211
// 重构日志: 732246ee
